                                 Started job on |	Dec 04 17:10:54
                             Started mapping on |	Dec 04 17:11:56
                                    Finished on |	Dec 04 17:12:40
       Mapping speed, Million of reads per hour |	104.56

                          Number of input reads |	1277953
                      Average input read length |	29
                                    UNIQUE READS:
                   Uniquely mapped reads number |	21242
                        Uniquely mapped reads % |	1.66%
                          Average mapped length |	29.47
                       Number of splices: Total |	653
            Number of splices: Annotated (sjdb) |	653
                       Number of splices: GT/AG |	653
                       Number of splices: GC/AG |	0
                       Number of splices: AT/AC |	0
               Number of splices: Non-canonical |	0
                      Mismatch rate per base, % |	11.73%
                         Deletion rate per base |	0.00%
                        Deletion average length |	1.00
                        Insertion rate per base |	0.00%
                       Insertion average length |	0.00
                             MULTI-MAPPING READS:
        Number of reads mapped to multiple loci |	3409
             % of reads mapped to multiple loci |	0.27%
        Number of reads mapped to too many loci |	0
             % of reads mapped to too many loci |	0.00%
                                  UNMAPPED READS:
  Number of reads unmapped: too many mismatches |	14347
       % of reads unmapped: too many mismatches |	1.12%
            Number of reads unmapped: too short |	1228612
                 % of reads unmapped: too short |	96.14%
                Number of reads unmapped: other |	10343
                     % of reads unmapped: other |	0.81%
                                  CHIMERIC READS:
                       Number of chimeric reads |	0
                            % of chimeric reads |	0.00%
